###############################################################################
#
# IAR ELF Linker V8.40.1.212/W32 for ARM                  15/Dec/2019  16:53:56
# Copyright 2007-2019 IAR Systems AB.
#
#    Output file  =
#        C:\UW_Workspace\embsys100\CubePWM\EWARM\CubePWM\Exe\CubePWM.out
#    Map file     =
#        C:\UW_Workspace\embsys100\CubePWM\EWARM\CubePWM\List\CubePWM.map
#    Command line =
#        -f C:\Users\Daniel\AppData\Local\Temp\EWDE40.tmp
#        (C:\UW_Workspace\embsys100\CubePWM\EWARM\CubePWM\Obj\main.o
#        C:\UW_Workspace\embsys100\CubePWM\EWARM\CubePWM\Obj\startup_stm32f401xe.o
#        C:\UW_Workspace\embsys100\CubePWM\EWARM\CubePWM\Obj\stm32f4xx_hal.o
#        C:\UW_Workspace\embsys100\CubePWM\EWARM\CubePWM\Obj\stm32f4xx_hal_cortex.o
#        C:\UW_Workspace\embsys100\CubePWM\EWARM\CubePWM\Obj\stm32f4xx_hal_dma.o
#        C:\UW_Workspace\embsys100\CubePWM\EWARM\CubePWM\Obj\stm32f4xx_hal_dma_ex.o
#        C:\UW_Workspace\embsys100\CubePWM\EWARM\CubePWM\Obj\stm32f4xx_hal_flash.o
#        C:\UW_Workspace\embsys100\CubePWM\EWARM\CubePWM\Obj\stm32f4xx_hal_flash_ex.o
#        C:\UW_Workspace\embsys100\CubePWM\EWARM\CubePWM\Obj\stm32f4xx_hal_flash_ramfunc.o
#        C:\UW_Workspace\embsys100\CubePWM\EWARM\CubePWM\Obj\stm32f4xx_hal_gpio.o
#        C:\UW_Workspace\embsys100\CubePWM\EWARM\CubePWM\Obj\stm32f4xx_hal_msp.o
#        C:\UW_Workspace\embsys100\CubePWM\EWARM\CubePWM\Obj\stm32f4xx_hal_pwr.o
#        C:\UW_Workspace\embsys100\CubePWM\EWARM\CubePWM\Obj\stm32f4xx_hal_pwr_ex.o
#        C:\UW_Workspace\embsys100\CubePWM\EWARM\CubePWM\Obj\stm32f4xx_hal_rcc.o
#        C:\UW_Workspace\embsys100\CubePWM\EWARM\CubePWM\Obj\stm32f4xx_hal_rcc_ex.o
#        C:\UW_Workspace\embsys100\CubePWM\EWARM\CubePWM\Obj\stm32f4xx_hal_tim.o
#        C:\UW_Workspace\embsys100\CubePWM\EWARM\CubePWM\Obj\stm32f4xx_hal_tim_ex.o
#        C:\UW_Workspace\embsys100\CubePWM\EWARM\CubePWM\Obj\stm32f4xx_hal_uart.o
#        C:\UW_Workspace\embsys100\CubePWM\EWARM\CubePWM\Obj\stm32f4xx_it.o
#        C:\UW_Workspace\embsys100\CubePWM\EWARM\CubePWM\Obj\system_stm32f4xx.o
#        --redirect _Printf=_PrintfFull --redirect _Scanf=_ScanfFull
#        --no_out_extension -o
#        C:\UW_Workspace\embsys100\CubePWM\EWARM\CubePWM\Exe\CubePWM.out --map
#        C:\UW_Workspace\embsys100\CubePWM\EWARM\CubePWM\List\CubePWM.map
#        --config C:\UW_Workspace\embsys100\CubePWM\EWARM/stm32f401xe_flash.icf
#        --semihosting --entry __iar_program_start --vfe --text_out locale)
#
###############################################################################

*******************************************************************************
*** RUNTIME MODEL ATTRIBUTES
***

CppFlavor       = *
__SystemLibrary = DLib
__dlib_version  = 6


*******************************************************************************
*** HEAP SELECTION
***

The basic heap was selected because some modules are built with
size limitations (and not runtime checking), and --advanced_heap
was not specified.


*******************************************************************************
*** PLACEMENT SUMMARY
***

"A0":  place at address 0x800'0000 { ro section .intvec };
"P1":  place in [from 0x800'0000 to 0x807'ffff] { ro };
define block CSTACK with size = 1K, alignment = 8 { };
define block HEAP with size = 512, alignment = 8 { };
"P2":  place in [from 0x2000'0000 to 0x2001'7fff] {
          rw, block CSTACK, block HEAP };
initialize by copy { rw };

  Section            Kind         Address    Size  Object
  -------            ----         -------    ----  ------
"A0":                                       0x194
  .intvec            ro code   0x800'0000   0x194  startup_stm32f401xe.o [1]
                             - 0x800'0194   0x194

"P1":                                      0x14ac
  .text              ro code   0x800'0194   0x392  stm32f4xx_hal_tim.o [1]
  .text              ro code   0x800'0526    0x3a  zero_init3.o [4]
  .text              ro code   0x800'0560   0x130  stm32f4xx_hal_msp.o [1]
  .text              ro code   0x800'0690    0xca  stm32f4xx_hal_cortex.o [1]
  .text              ro code   0x800'075a    0x2e  copy_init3.o [4]
  .text              ro code   0x800'0788   0x1b4  stm32f4xx_hal_gpio.o [1]
  .text              ro code   0x800'093c   0x2d0  stm32f4xx_hal_rcc.o [1]
  .text              ro code   0x800'0c0c     0xc  stm32f4xx_hal.o [1]
  .text              ro code   0x800'0c18   0x258  main.o [1]
  .text              ro code   0x800'0e70    0x34  stm32f4xx_hal.o [1]
  .text              ro code   0x800'0ea4   0x1fc  stm32f4xx_hal_uart.o [1]
  .text              ro code   0x800'10a0    0x4a  stm32f4xx_hal_tim_ex.o [1]
  .text              ro code   0x800'10ec   0x1ac  stm32f4xx_hal_rcc.o [1]
  .text              ro code   0x800'1298    0x40  stm32f4xx_hal.o [1]
  .text              ro code   0x800'12d8   0x106  I64DivMod_small.o [4]
  .text              ro code   0x800'13e0     0x2  I64DivZer.o [4]
  .text              ro code   0x800'13e4    0x60  system_stm32f4xx.o [1]
  .text              ro code   0x800'1444    0x28  data_init.o [4]
  .text              ro code   0x800'146c    0x22  fpinit_M.o [3]
  .iar.init_table    const     0x800'1490    0x24  - Linker created -
  .text              ro code   0x800'14b4    0x1e  stm32f4xx_it.o [1]
  .text              ro code   0x800'14d4    0x10  stm32f4xx_hal.o [1]
  .text              ro code   0x800'14e4    0x1e  cmain.o [4]
  .text              ro code   0x800'1502     0x4  low_level_init.o [2]
  .text              ro code   0x800'1506     0x4  exit.o [2]
  .text              ro code   0x800'150c     0xa  cexit.o [4]
  .text              ro code   0x800'1518    0x14  exit.o [5]
  .text              ro code   0x800'152c    0x10  startup_stm32f401xe.o [1]
  Initializer bytes  const     0x800'153c    0x10  <for P2-1>
  .text              ro code   0x800'154c     0xc  cstartup_M.o [4]
  .rodata            const     0x800'1558     0x8  system_stm32f4xx.o [1]
  .text              ro code   0x800'1560     0x4  startup_stm32f401xe.o [1]
  .text              ro code   0x800'1564     0x4  startup_stm32f401xe.o [1]
  .text              ro code   0x800'1568     0x4  startup_stm32f401xe.o [1]
  .text              ro code   0x800'156c     0x4  startup_stm32f401xe.o [1]
  .text              ro code   0x800'1570     0x4  startup_stm32f401xe.o [1]
  .text              ro code   0x800'1574     0x4  startup_stm32f401xe.o [1]
  .text              ro code   0x800'1578     0x4  startup_stm32f401xe.o [1]
  .text              ro code   0x800'157c     0x4  startup_stm32f401xe.o [1]
  .text              ro code   0x800'1580     0x4  startup_stm32f401xe.o [1]
  .text              ro code   0x800'1584     0x4  startup_stm32f401xe.o [1]
  .text              ro code   0x800'1588     0x4  startup_stm32f401xe.o [1]
  .text              ro code   0x800'158c     0x4  startup_stm32f401xe.o [1]
  .text              ro code   0x800'1590     0x4  startup_stm32f401xe.o [1]
  .text              ro code   0x800'1594     0x4  startup_stm32f401xe.o [1]
  .text              ro code   0x800'1598     0x4  startup_stm32f401xe.o [1]
  .text              ro code   0x800'159c     0x4  startup_stm32f401xe.o [1]
  .text              ro code   0x800'15a0     0x4  startup_stm32f401xe.o [1]
  .text              ro code   0x800'15a4     0x4  startup_stm32f401xe.o [1]
  .text              ro code   0x800'15a8     0x4  startup_stm32f401xe.o [1]
  .text              ro code   0x800'15ac     0x4  startup_stm32f401xe.o [1]
  .text              ro code   0x800'15b0     0x4  startup_stm32f401xe.o [1]
  .text              ro code   0x800'15b4     0x4  startup_stm32f401xe.o [1]
  .text              ro code   0x800'15b8     0x4  startup_stm32f401xe.o [1]
  .text              ro code   0x800'15bc     0x4  startup_stm32f401xe.o [1]
  .text              ro code   0x800'15c0     0x4  startup_stm32f401xe.o [1]
  .text              ro code   0x800'15c4     0x4  startup_stm32f401xe.o [1]
  .text              ro code   0x800'15c8     0x4  startup_stm32f401xe.o [1]
  .text              ro code   0x800'15cc     0x4  startup_stm32f401xe.o [1]
  .text              ro code   0x800'15d0     0x4  startup_stm32f401xe.o [1]
  .text              ro code   0x800'15d4     0x4  startup_stm32f401xe.o [1]
  .text              ro code   0x800'15d8     0x4  startup_stm32f401xe.o [1]
  .text              ro code   0x800'15dc     0x4  startup_stm32f401xe.o [1]
  .text              ro code   0x800'15e0     0x4  startup_stm32f401xe.o [1]
  .text              ro code   0x800'15e4     0x4  startup_stm32f401xe.o [1]
  .text              ro code   0x800'15e8     0x4  startup_stm32f401xe.o [1]
  .text              ro code   0x800'15ec     0x4  startup_stm32f401xe.o [1]
  .text              ro code   0x800'15f0     0x4  startup_stm32f401xe.o [1]
  .text              ro code   0x800'15f4     0x4  startup_stm32f401xe.o [1]
  .text              ro code   0x800'15f8     0x4  startup_stm32f401xe.o [1]
  .text              ro code   0x800'15fc     0x4  startup_stm32f401xe.o [1]
  .text              ro code   0x800'1600     0x4  startup_stm32f401xe.o [1]
  .text              ro code   0x800'1604     0x4  startup_stm32f401xe.o [1]
  .text              ro code   0x800'1608     0x4  startup_stm32f401xe.o [1]
  .text              ro code   0x800'160c     0x4  startup_stm32f401xe.o [1]
  .text              ro code   0x800'1610     0x4  startup_stm32f401xe.o [1]
  .text              ro code   0x800'1614     0x4  startup_stm32f401xe.o [1]
  .text              ro code   0x800'1618     0x4  startup_stm32f401xe.o [1]
  .text              ro code   0x800'161c     0x4  startup_stm32f401xe.o [1]
  .text              ro code   0x800'1620     0x4  startup_stm32f401xe.o [1]
  .text              ro code   0x800'1624     0x4  startup_stm32f401xe.o [1]
  .text              ro code   0x800'1628     0x4  startup_stm32f401xe.o [1]
  .text              ro code   0x800'162c     0x4  startup_stm32f401xe.o [1]
  .text              ro code   0x800'1630     0x4  startup_stm32f401xe.o [1]
  .text              ro code   0x800'1634     0x4  startup_stm32f401xe.o [1]
  .text              ro code   0x800'1638     0x4  startup_stm32f401xe.o [1]
  .text              ro code   0x800'163c     0x4  startup_stm32f401xe.o [1]
  .rodata            const     0x800'1640     0x0  zero_init3.o [4]
  .rodata            const     0x800'1640     0x0  copy_init3.o [4]
                             - 0x800'1640  0x14ac

"P2", part 1 of 3:                           0x10
  P2-1                        0x2000'0000    0x10  <Init block>
    .data            inited   0x2000'0000     0xc  stm32f4xx_hal.o [1]
    .data            inited   0x2000'000c     0x4  system_stm32f4xx.o [1]
                            - 0x2000'0010    0x10

"P2", part 2 of 3:                           0x88
  .bss               zero     0x2000'0010    0x4c  main.o [1]
  .bss               zero     0x2000'005c    0x3c  main.o [1]
                            - 0x2000'0098    0x88

"P2", part 3 of 3:                          0x400
  CSTACK                      0x2000'0098   0x400  <Block>
    CSTACK           uninit   0x2000'0098   0x400  <Block tail>
                            - 0x2000'0498   0x400

Unused ranges:

         From           To      Size
         ----           --      ----
   0x800'1640   0x807'ffff  0x7'e9c0
  0x2000'0498  0x2001'7fff  0x1'7b68


*******************************************************************************
*** INIT TABLE
***

          Address      Size
          -------      ----
Zero (__iar_zero_init3)
    1 destination range, total size 0x88:
          0x2000'0010  0x88

Copy (__iar_copy_init3)
    1 source range, total size 0x10:
           0x800'153c  0x10
    1 destination range, total size 0x10:
          0x2000'0000  0x10



*******************************************************************************
*** MODULE SUMMARY
***

    Module                  ro code  ro data  rw data
    ------                  -------  -------  -------
command line/config:
    -------------------------------------------------
    Total:

C:\UW_Workspace\embsys100\CubePWM\EWARM\CubePWM\Obj: [1]
    main.o                      600               136
    startup_stm32f401xe.o       644
    stm32f4xx_hal.o             144       12       12
    stm32f4xx_hal_cortex.o      202
    stm32f4xx_hal_gpio.o        436
    stm32f4xx_hal_msp.o         304
    stm32f4xx_hal_rcc.o       1'148
    stm32f4xx_hal_tim.o         914
    stm32f4xx_hal_tim_ex.o       74
    stm32f4xx_hal_uart.o        508
    stm32f4xx_it.o               30
    system_stm32f4xx.o           96       12        4
    -------------------------------------------------
    Total:                    5'100       24      152

dl7M_tlf.a: [2]
    exit.o                        4
    low_level_init.o              4
    -------------------------------------------------
    Total:                        8

m7M_tls.a: [3]
    fpinit_M.o                   34
    -------------------------------------------------
    Total:                       34

rt7M_tl.a: [4]
    I64DivMod_small.o           262
    I64DivZer.o                   2
    cexit.o                      10
    cmain.o                      30
    copy_init3.o                 46
    cstartup_M.o                 12
    data_init.o                  40
    zero_init3.o                 58
    -------------------------------------------------
    Total:                      460

shb_l.a: [5]
    exit.o                       20
    -------------------------------------------------
    Total:                       20

    Gaps                         12        2
    Linker created                        36    1'024
-----------------------------------------------------
    Grand Total:              5'634       62    1'176


*******************************************************************************
*** ENTRY LIST
***

Entry                       Address   Size  Type      Object
-----                       -------   ----  ----      ------
.iar.init_table$$Base    0x800'1490          --   Gb  - Linker created -
.iar.init_table$$Limit   0x800'14b4          --   Gb  - Linker created -
?main                    0x800'14e5         Code  Gb  cmain.o [4]
AHBPrescTable            0x800'1434   0x10  Data  Gb  system_stm32f4xx.o [1]
APBPrescTable            0x800'1558    0x8  Data  Gb  system_stm32f4xx.o [1]
BusFault_Handler         0x800'14bb    0x2  Code  Gb  stm32f4xx_it.o [1]
CSTACK$$Base            0x2000'0098          --   Gb  - Linker created -
CSTACK$$Limit           0x2000'0498          --   Gb  - Linker created -
DebugMon_Handler         0x800'14c1    0x2  Code  Gb  stm32f4xx_it.o [1]
HAL_GPIO_Init            0x800'0789  0x194  Code  Gb  stm32f4xx_hal_gpio.o [1]
HAL_GetTick              0x800'0c0d    0xc  Code  Wk  stm32f4xx_hal.o [1]
HAL_IncTick              0x800'14d5   0x10  Code  Wk  stm32f4xx_hal.o [1]
HAL_Init                 0x800'0e71   0x30  Code  Gb  stm32f4xx_hal.o [1]
HAL_InitTick             0x800'1299   0x40  Code  Wk  stm32f4xx_hal.o [1]
HAL_MspInit              0x800'0561   0x8e  Code  Gb  stm32f4xx_hal_msp.o [1]
HAL_NVIC_SetPriority     0x800'06c5   0x3a  Code  Gb  stm32f4xx_hal_cortex.o [1]
HAL_NVIC_SetPriorityGrouping
                         0x800'06ab   0x1a  Code  Gb  stm32f4xx_hal_cortex.o [1]
HAL_RCC_ClockConfig      0x800'10ed   0xfe  Code  Gb  stm32f4xx_hal_rcc.o [1]
HAL_RCC_GetHCLKFreq      0x800'11f7    0x6  Code  Gb  stm32f4xx_hal_rcc.o [1]
HAL_RCC_GetPCLK1Freq     0x800'11fd   0x10  Code  Gb  stm32f4xx_hal_rcc.o [1]
HAL_RCC_GetPCLK2Freq     0x800'120d    0xe  Code  Gb  stm32f4xx_hal_rcc.o [1]
HAL_RCC_OscConfig        0x800'093d  0x2d0  Code  Wk  stm32f4xx_hal_rcc.o [1]
HAL_SYSTICK_CLKSourceConfig
                         0x800'0727   0x1a  Code  Gb  stm32f4xx_hal_cortex.o [1]
HAL_SYSTICK_Config       0x800'06ff   0x28  Code  Gb  stm32f4xx_hal_cortex.o [1]
HAL_SYSTICK_IRQHandler   0x800'0755    0x4  Code  Gb  stm32f4xx_hal_cortex.o [1]
HAL_TIMEx_MasterConfigSynchronization
                         0x800'10a1   0x4a  Code  Gb  stm32f4xx_hal_tim_ex.o [1]
HAL_TIM_MspPostInit      0x800'0615   0x2c  Code  Gb  stm32f4xx_hal_msp.o [1]
HAL_TIM_PWM_ConfigChannel
                         0x800'0259   0xbc  Code  Gb  stm32f4xx_hal_tim.o [1]
HAL_TIM_PWM_Init         0x800'01a9   0x1a  Code  Gb  stm32f4xx_hal_tim.o [1]
HAL_TIM_PWM_MspInit      0x800'05ef   0x26  Code  Gb  stm32f4xx_hal_msp.o [1]
HAL_TIM_PWM_Start        0x800'01c3    0x8  Code  Gb  stm32f4xx_hal_tim.o [1]
HAL_UART_Init            0x800'0ea5   0x1e  Code  Gb  stm32f4xx_hal_uart.o [1]
HAL_UART_MspInit         0x800'0641   0x44  Code  Gb  stm32f4xx_hal_msp.o [1]
HardFault_Handler        0x800'14b7    0x2  Code  Gb  stm32f4xx_it.o [1]
MemManage_Handler        0x800'14b9    0x2  Code  Gb  stm32f4xx_it.o [1]
NMI_Handler              0x800'14b5    0x2  Code  Gb  stm32f4xx_it.o [1]
NVIC_SetPriority         0x800'0691   0x1a  Code  Lc  stm32f4xx_hal_cortex.o [1]
PendSV_Handler           0x800'14c3    0x2  Code  Gb  stm32f4xx_it.o [1]
Region$$Table$$Base      0x800'1490          --   Gb  - Linker created -
Region$$Table$$Limit     0x800'14b4          --   Gb  - Linker created -
SVC_Handler              0x800'14bf    0x2  Code  Gb  stm32f4xx_it.o [1]
SysTick_Handler          0x800'14c5    0xe  Code  Gb  stm32f4xx_it.o [1]
SystemClock_Config       0x800'0d79   0xae  Code  Gb  main.o [1]
SystemCoreClock         0x2000'000c    0x4  Data  Gb  system_stm32f4xx.o [1]
SystemInit               0x800'13e5   0x3a  Code  Gb  system_stm32f4xx.o [1]
TIM_Base_SetConfig       0x800'0349   0x72  Code  Gb  stm32f4xx_hal_tim.o [1]
TIM_CCxChannelCmd        0x800'040f   0x14  Code  Gb  stm32f4xx_hal_tim.o [1]
TIM_OC1_SetConfig        0x800'0423   0x4a  Code  Lc  stm32f4xx_hal_tim.o [1]
TIM_OC2_SetConfig        0x800'03bd   0x52  Code  Gb  stm32f4xx_hal_tim.o [1]
TIM_OC3_SetConfig        0x800'046d   0x50  Code  Lc  stm32f4xx_hal_tim.o [1]
TIM_OC4_SetConfig        0x800'04bd   0x40  Code  Lc  stm32f4xx_hal_tim.o [1]
UART_SetConfig           0x800'0f1b  0x13e  Code  Lc  stm32f4xx_hal_uart.o [1]
UsageFault_Handler       0x800'14bd    0x2  Code  Gb  stm32f4xx_it.o [1]
User_PWM_SetValue        0x800'0e27   0x26  Code  Gb  main.o [1]
__aeabi_ldiv0            0x800'13e1         Code  Gb  I64DivZer.o [4]
__cmain                  0x800'14e5         Code  Gb  cmain.o [4]
__exit                   0x800'1519   0x14  Code  Gb  exit.o [5]
__iar_copy_init3         0x800'075b   0x2e  Code  Gb  copy_init3.o [4]
__iar_data_init3         0x800'1445   0x28  Code  Gb  data_init.o [4]
__iar_init_vfp           0x800'146d         Code  Gb  fpinit_M.o [3]
__iar_program_start      0x800'154d         Code  Gb  cstartup_M.o [4]
__iar_small_uldivmod     0x800'12d9         Code  Gb  I64DivMod_small.o [4]
__iar_zero_init3         0x800'0527   0x3a  Code  Gb  zero_init3.o [4]
__low_level_init         0x800'1503    0x4  Code  Gb  low_level_init.o [2]
__vector_table           0x800'0000         Data  Gb  startup_stm32f401xe.o [1]
_call_main               0x800'14f1         Code  Gb  cmain.o [4]
_exit                    0x800'150d         Code  Gb  cexit.o [4]
_main                    0x800'14ff         Code  Gb  cmain.o [4]
delay                   0x2000'0054    0x4  Data  Gb  main.o [1]
down                    0x2000'0058    0x4  Data  Gb  main.o [1]
dutyCycle               0x2000'0050    0x4  Data  Gb  main.o [1]
exit                     0x800'1507    0x4  Code  Gb  exit.o [2]
htim2                   0x2000'005c   0x3c  Data  Gb  main.o [1]
huart2                  0x2000'0010   0x40  Data  Gb  main.o [1]
main                     0x800'0c19  0x160  Code  Gb  main.o [1]
uwTick                  0x2000'0004    0x4  Data  Gb  stm32f4xx_hal.o [1]
uwTickFreq              0x2000'0000    0x1  Data  Gb  stm32f4xx_hal.o [1]
uwTickPrio              0x2000'0008    0x4  Data  Gb  stm32f4xx_hal.o [1]


[1] = C:\UW_Workspace\embsys100\CubePWM\EWARM\CubePWM\Obj
[2] = dl7M_tlf.a
[3] = m7M_tls.a
[4] = rt7M_tl.a
[5] = shb_l.a

  5'634 bytes of readonly  code memory
     62 bytes of readonly  data memory
  1'176 bytes of readwrite data memory

Errors: none
Warnings: none
