###############################################################################
#
# IAR ELF Linker V8.40.1.212/W32 for ARM                  24/Nov/2019  17:08:59
# Copyright 2007-2019 IAR Systems AB.
#
#    Output file  =
#        C:\UW_Workspace\embsys100\assignment05\Debug\Exe\assignment05.out
#    Map file     =
#        C:\UW_Workspace\embsys100\assignment05\Debug\List\assignment05.map
#    Command line =
#        -f C:\Users\Daniel\AppData\Local\Temp\EWA7B1.tmp
#        (C:\UW_Workspace\embsys100\assignment05\Debug\Obj\main.o
#        C:\UW_Workspace\embsys100\assignment05\Debug\Obj\swapCharsAsm.o
#        --no_out_extension -o
#        C:\UW_Workspace\embsys100\assignment05\Debug\Exe\assignment05.out
#        --redirect _Printf=_PrintfFullNoMb --redirect _Scanf=_ScanfFullNoMb
#        --map
#        C:\UW_Workspace\embsys100\assignment05\Debug\List\assignment05.map
#        --config "C:\Program Files (x86)\IAR Systems\Embedded Workbench
#        8.3\arm\CONFIG\generic_cortex.icf" --semihosting --entry
#        __iar_program_start --vfe --text_out locale)
#
###############################################################################

*******************************************************************************
*** RUNTIME MODEL ATTRIBUTES
***

CppFlavor       = *
__SystemLibrary = DLib
__dlib_version  = 6


*******************************************************************************
*** HEAP SELECTION
***

The basic heap was selected because some modules are built with
size limitations (and not runtime checking), and --advanced_heap
was not specified.


*******************************************************************************
*** PLACEMENT SUMMARY
***

"A0":  place at address 0x0 { ro section .intvec };
"P1":  place in [from 0x0 to 0x7'ffff] { ro };
define block CSTACK with size = 1K, alignment = 8 { };
define block PROC_STACK with size = 0, alignment = 8 { };
define block HEAP with size = 2K, alignment = 8 { };
"P2":  place in [from 0x2000'0000 to 0x2000'ffff] {
          rw, block CSTACK, block PROC_STACK, block HEAP };

No sections matched the following patterns:

  rw  in "P2"


  Section   Kind         Address   Size  Object
  -------   ----         -------   ----  ------
"A0":                              0x40
  .intvec   ro code          0x0   0x40  vector_table_M.o [3]
                          - 0x40   0x40

"P1":                              0xc8
  .text     ro code         0x40   0x5c  main.o [1]
  .text     ro code         0x9c   0x18  swapCharsAsm.o [1]
  .text     ro code         0xb4   0x1e  cmain.o [3]
  .text     ro code         0xd2    0x4  low_level_init.o [2]
  .text     ro code         0xd6    0x4  exit.o [2]
  .text     ro code         0xda    0x2  vector_table_M.o [3]
  .text     ro code         0xdc    0xa  cexit.o [3]
  .text     ro code         0xe8   0x14  exit.o [4]
  .text     ro code         0xfc    0xc  cstartup_M.o [3]
                         - 0x108   0xc8

"P2":                             0x400
  CSTACK             0x2000'0000  0x400  <Block>
    CSTACK  uninit   0x2000'0000  0x400  <Block tail>
                   - 0x2000'0400  0x400

Unused ranges:

         From           To      Size
         ----           --      ----
        0x108     0x7'ffff  0x7'fef8
  0x2000'0400  0x2000'ffff    0xfc00



*******************************************************************************
*** MODULE SUMMARY
***

    Module            ro code  rw data
    ------            -------  -------
command line/config:
    ----------------------------------
    Total:

C:\UW_Workspace\embsys100\assignment05\Debug\Obj: [1]
    main.o                 92
    swapCharsAsm.o         24
    ----------------------------------
    Total:                116

dl7M_tln.a: [2]
    exit.o                  4
    low_level_init.o        4
    ----------------------------------
    Total:                  8

rt7M_tl.a: [3]
    cexit.o                10
    cmain.o                30
    cstartup_M.o           12
    vector_table_M.o       66
    ----------------------------------
    Total:                118

shb_l.a: [4]
    exit.o                 20
    ----------------------------------
    Total:                 20

    Gaps                    2
    Linker created               1'024
--------------------------------------
    Grand Total:          264    1'024


*******************************************************************************
*** ENTRY LIST
***

Entry                     Address  Size  Type      Object
-----                     -------  ----  ----      ------
?main                        0xb5        Code  Gb  cmain.o [3]
CSTACK$$Base          0x2000'0000         --   Gb  - Linker created -
CSTACK$$Limit         0x2000'0400         --   Gb  - Linker created -
Region$$Table$$Base           0x0         --   Gb  - Linker created -
Region$$Table$$Limit          0x0         --   Gb  - Linker created -
__cmain                      0xb5        Code  Gb  cmain.o [3]
__exit                       0xe9  0x14  Code  Gb  exit.o [4]
__iar_program_start          0xfd        Code  Gb  cstartup_M.o [3]
__low_level_init             0xd3   0x4  Code  Gb  low_level_init.o [2]
__vector_table                0x0        Data  Gb  vector_table_M.o [3]
_call_main                   0xc1        Code  Gb  cmain.o [3]
_exit                        0xdd        Code  Gb  cexit.o [3]
_main                        0xcf        Code  Gb  cmain.o [3]
exit                         0xd7   0x4  Code  Gb  exit.o [2]
main                         0x41  0x52  Code  Gb  main.o [1]
swapCharsAsm                 0x9d        Code  Gb  swapCharsAsm.o [1]
swap_pointer                 0x93   0xa  Code  Gb  main.o [1]


[1] = C:\UW_Workspace\embsys100\assignment05\Debug\Obj
[2] = dl7M_tln.a
[3] = rt7M_tl.a
[4] = shb_l.a

    264 bytes of readonly  code memory
  1'024 bytes of readwrite data memory

Errors: none
Warnings: none
