###############################################################################
#
# IAR ELF Linker V8.40.1.212/W32 for ARM                  16/Nov/2019  16:51:57
# Copyright 2007-2019 IAR Systems AB.
#
#    Output file  =  C:\UW_Workspace\embsys100\assignment04\Debug\Exe\Stack.out
#    Map file     =
#        C:\UW_Workspace\embsys100\assignment04\Debug\List\Stack.map
#    Command line =
#        -f C:\Users\Daniel\AppData\Local\Temp\EW2E42.tmp
#        (C:\UW_Workspace\embsys100\assignment04\Debug\Obj\main.o
#        C:\UW_Workspace\embsys100\assignment04\Debug\Obj\stack.o
#        --no_out_extension -o
#        C:\UW_Workspace\embsys100\assignment04\Debug\Exe\Stack.out --redirect
#        _Printf=_PrintfFullNoMb --redirect _Scanf=_ScanfFullNoMb --map
#        C:\UW_Workspace\embsys100\assignment04\Debug\List\Stack.map --config
#        "C:\Program Files (x86)\IAR Systems\Embedded Workbench
#        8.3\arm\CONFIG\generic_cortex.icf" --semihosting --entry
#        __iar_program_start --vfe --text_out locale)
#
###############################################################################

*******************************************************************************
*** RUNTIME MODEL ATTRIBUTES
***

CppFlavor       = *
__SystemLibrary = DLib
__dlib_version  = 6


*******************************************************************************
*** HEAP SELECTION
***

The basic heap was selected because some modules are built with
size limitations (and not runtime checking), and --advanced_heap
was not specified.


*******************************************************************************
*** PLACEMENT SUMMARY
***

"A0":  place at address 0x0 { ro section .intvec };
"P1":  place in [from 0x0 to 0x7'ffff] { ro };
define block CSTACK with size = 1K, alignment = 8 { };
define block PROC_STACK with size = 0, alignment = 8 { };
define block HEAP with size = 2K, alignment = 8 { };
"P2":  place in [from 0x2000'0000 to 0x2000'ffff] {
          rw, block CSTACK, block PROC_STACK, block HEAP };

  Section          Kind         Address   Size  Object
  -------          ----         -------   ----  ------
"A0":                                     0x40
  .intvec          ro code          0x0   0x40  vector_table_M.o [3]
                                 - 0x40   0x40

"P1":                                    0x824
  .text            ro code         0x40  0x488  main.o [1]
  .text            ro code        0x4c8   0xa8  stack.o [1]
  .text            ro code        0x570   0x24  ABIassert.o [4]
  .text            ro code        0x594    0x6  abort.o [2]
  .text            ro code        0x59a   0x3a  zero_init3.o [3]
  .text            ro code        0x5d4   0x14  exit.o [4]
  .rodata          const          0x5e8   0x30  main.o [1]
  .text            ro code        0x618   0x28  data_init.o [3]
  .iar.init_table  const          0x640   0x10  - Linker created -
  .text            ro code        0x650   0x1e  cmain.o [3]
  .text            ro code        0x66e    0x4  low_level_init.o [2]
  .text            ro code        0x672    0x4  exit.o [2]
  .text            ro code        0x676    0x2  vector_table_M.o [3]
  .text            ro code        0x678    0xa  cexit.o [3]
  .rodata          const          0x684   0x1c  main.o [1]
  .rodata          const          0x6a0   0x18  main.o [1]
  .rodata          const          0x6b8   0x18  main.o [1]
  .rodata          const          0x6d0   0x18  main.o [1]
  .rodata          const          0x6e8   0x18  main.o [1]
  .rodata          const          0x700   0x18  main.o [1]
  .rodata          const          0x718   0x14  main.o [1]
  .rodata          const          0x72c   0x10  main.o [1]
  .rodata          const          0x73c   0x10  main.o [1]
  .rodata          const          0x74c   0x10  main.o [1]
  .rodata          const          0x75c   0x10  main.o [1]
  .rodata          const          0x76c   0x10  main.o [1]
  .rodata          const          0x77c   0x10  main.o [1]
  .rodata          const          0x78c   0x10  main.o [1]
  .rodata          const          0x79c   0x10  main.o [1]
  .rodata          const          0x7ac   0x10  main.o [1]
  .rodata          const          0x7bc   0x10  main.o [1]
  .rodata          const          0x7cc   0x10  main.o [1]
  .rodata          const          0x7dc   0x10  main.o [1]
  .rodata          const          0x7ec   0x10  main.o [1]
  .rodata          const          0x7fc   0x10  main.o [1]
  .rodata          const          0x80c   0x10  main.o [1]
  .rodata          const          0x81c   0x10  main.o [1]
  .rodata          const          0x82c   0x10  main.o [1]
  .rodata          const          0x83c   0x10  main.o [1]
  .rodata          const          0x84c    0xc  main.o [1]
  .text            ro code        0x858    0xc  cstartup_M.o [3]
  .rodata          const          0x864    0x0  zero_init3.o [3]
                                - 0x864  0x824

"P2", part 1 of 2:                        0x18
  .bss             zero     0x2000'0000   0x14  stack.o [1]
  .bss             zero     0x2000'0014    0x4  stack.o [1]
                          - 0x2000'0018   0x18

"P2", part 2 of 2:                       0x400
  CSTACK                    0x2000'0018  0x400  <Block>
    CSTACK         uninit   0x2000'0018  0x400  <Block tail>
                          - 0x2000'0418  0x400

Unused ranges:

         From           To      Size
         ----           --      ----
        0x864     0x7'ffff  0x7'f79c
  0x2000'0418  0x2000'ffff    0xfbe8


*******************************************************************************
*** INIT TABLE
***

          Address      Size
          -------      ----
Zero (__iar_zero_init3)
    1 destination range, total size 0x18:
          0x2000'0000  0x18



*******************************************************************************
*** MODULE SUMMARY
***

    Module            ro code  ro data  rw data
    ------            -------  -------  -------
command line/config:
    -------------------------------------------
    Total:

C:\UW_Workspace\embsys100\assignment04\Debug\Obj: [1]
    main.o              1'160      516
    stack.o               168                24
    -------------------------------------------
    Total:              1'328      516       24

dl7M_tln.a: [2]
    abort.o                 6
    exit.o                  4
    low_level_init.o        4
    -------------------------------------------
    Total:                 14

rt7M_tl.a: [3]
    cexit.o                10
    cmain.o                30
    cstartup_M.o           12
    data_init.o            40
    vector_table_M.o       66
    zero_init3.o           58
    -------------------------------------------
    Total:                216

shb_l.a: [4]
    ABIassert.o            36
    exit.o                 20
    -------------------------------------------
    Total:                 56

    Gaps                             2
    Linker created                  16    1'024
-----------------------------------------------
    Grand Total:        1'614      534    1'048


*******************************************************************************
*** ENTRY LIST
***

Entry                       Address   Size  Type      Object
-----                       -------   ----  ----      ------
.iar.init_table$$Base         0x640          --   Gb  - Linker created -
.iar.init_table$$Limit        0x650          --   Gb  - Linker created -
?main                         0x651         Code  Gb  cmain.o [3]
CSTACK$$Base            0x2000'0018          --   Gb  - Linker created -
CSTACK$$Limit           0x2000'0418          --   Gb  - Linker created -
Region$$Table$$Base           0x640          --   Gb  - Linker created -
Region$$Table$$Limit          0x650          --   Gb  - Linker created -
StackSpace              0x2000'0000   0x14  Data  Gb  stack.o [1]
__aeabi_assert                0x571   0x24  Code  Gb  ABIassert.o [4]
__cmain                       0x651         Code  Gb  cmain.o [3]
__exit                        0x5d5   0x14  Code  Gb  exit.o [4]
__iar_data_init3              0x619   0x28  Code  Gb  data_init.o [3]
__iar_program_start           0x859         Code  Gb  cstartup_M.o [3]
__iar_zero_init3              0x59b   0x3a  Code  Gb  zero_init3.o [3]
__low_level_init              0x66f    0x4  Code  Gb  low_level_init.o [2]
__vector_table                  0x0         Data  Gb  vector_table_M.o [3]
_call_main                    0x65d         Code  Gb  cmain.o [3]
_exit                         0x679         Code  Gb  cexit.o [3]
_main                         0x66b         Code  Gb  cmain.o [3]
abort                         0x595    0x6  Code  Gb  abort.o [2]
exit                          0x673    0x4  Code  Gb  exit.o [2]
main                           0x41  0x488  Code  Gb  main.o [1]
stackPtr                0x2000'0014    0x4  Data  Gb  stack.o [1]
stack_empty                   0x555   0x10  Code  Gb  stack.o [1]
stack_full                    0x543   0x12  Code  Gb  stack.o [1]
stack_init                    0x4c9   0x1a  Code  Gb  stack.o [1]
stack_pop                     0x511   0x32  Code  Gb  stack.o [1]
stack_push                    0x4e3   0x2e  Code  Gb  stack.o [1]


[1] = C:\UW_Workspace\embsys100\assignment04\Debug\Obj
[2] = dl7M_tln.a
[3] = rt7M_tl.a
[4] = shb_l.a

  1'614 bytes of readonly  code memory
    534 bytes of readonly  data memory
  1'048 bytes of readwrite data memory

Errors: none
Warnings: none
