###############################################################################
#
# IAR ELF Linker V8.40.1.212/W32 for ARM                  02/Dec/2019  10:12:37
# Copyright 2007-2019 IAR Systems AB.
#
#    Output file  =
#        C:\Users\tameraw\OneDrive\Documents\Education\UW_Embedded_Certificate\01_EMBSYS100B_AU19_Tamer\Demos\Module08_Demo16_Startup_Code_Data_Init_and_default_Vector_Table\Debug\Exe\main.out
#    Map file     =
#        C:\Users\tameraw\OneDrive\Documents\Education\UW_Embedded_Certificate\01_EMBSYS100B_AU19_Tamer\Demos\Module08_Demo16_Startup_Code_Data_Init_and_default_Vector_Table\Debug\List\main.map
#    Command line =
#        -f C:\Users\tameraw\AppData\Local\Temp\EW7F2C.tmp
#        (C:\Users\tameraw\OneDrive\Documents\Education\UW_Embedded_Certificate\01_EMBSYS100B_AU19_Tamer\Demos\Module08_Demo16_Startup_Code_Data_Init_and_default_Vector_Table\Debug\Obj\delay.o
#        C:\Users\tameraw\OneDrive\Documents\Education\UW_Embedded_Certificate\01_EMBSYS100B_AU19_Tamer\Demos\Module08_Demo16_Startup_Code_Data_Init_and_default_Vector_Table\Debug\Obj\main.o
#        --no_out_extension -o
#        C:\Users\tameraw\OneDrive\Documents\Education\UW_Embedded_Certificate\01_EMBSYS100B_AU19_Tamer\Demos\Module08_Demo16_Startup_Code_Data_Init_and_default_Vector_Table\Debug\Exe\main.out
#        --redirect _Printf=_PrintfFullNoMb --redirect _Scanf=_ScanfFullNoMb
#        --map
#        C:\Users\tameraw\OneDrive\Documents\Education\UW_Embedded_Certificate\01_EMBSYS100B_AU19_Tamer\Demos\Module08_Demo16_Startup_Code_Data_Init_and_default_Vector_Table\Debug\List\main.map
#        --config
#        C:\Users\tameraw\OneDrive\Documents\Education\UW_Embedded_Certificate\01_EMBSYS100B_AU19_Tamer\Demos\Module08_Demo16_Startup_Code_Data_Init_and_default_Vector_Table\main.icf
#        --semihosting --entry __iar_program_start --vfe --text_out locale)
#
###############################################################################

*******************************************************************************
*** RUNTIME MODEL ATTRIBUTES
***

CppFlavor       = *
__SystemLibrary = DLib
__dlib_version  = 6


*******************************************************************************
*** HEAP SELECTION
***

The basic heap was selected because some modules are built with
size limitations (and not runtime checking), and --advanced_heap
was not specified.


*******************************************************************************
*** PLACEMENT SUMMARY
***

"A0":  place at address 0x800'0000 { ro section .intvec };
"P1":  place in [from 0x800'0000 to 0x807'ffff] { ro };
define block CSTACK with size = 256, alignment = 8 { };
define block HEAP with size = 8K, alignment = 8 { };
"P2":  place in [from 0x2000'0000 to 0x2001'7fff] {
          rw, block CSTACK, block HEAP };
initialize by copy { rw };

  Section            Kind         Address   Size  Object
  -------            ----         -------   ----  ------
"A0":                                       0x40
  .intvec            ro code   0x800'0000   0x40  vector_table_M.o [3]
                             - 0x800'0040   0x40

"P1":                                      0x1f8
  .text              ro code   0x800'0040  0x104  main.o [1]
  .text              ro code   0x800'0144    0xa  delay.o [1]
  .text              ro code   0x800'014e   0x38  packbits_init_single.o [3]
  .text              ro code   0x800'0186    0x2  vector_table_M.o [3]
  .text              ro code   0x800'0188   0x28  data_init.o [3]
  .iar.init_table    const     0x800'01b0   0x10  - Linker created -
  .text              ro code   0x800'01c0   0x1e  cmain.o [3]
  .text              ro code   0x800'01de    0x4  low_level_init.o [2]
  .text              ro code   0x800'01e2    0x4  exit.o [2]
  .text              ro code   0x800'01e8    0xa  cexit.o [3]
  .text              ro code   0x800'01f4   0x14  exit.o [4]
  .text              ro code   0x800'0208    0xc  cstartup_M.o [3]
  .rodata            const     0x800'0214    0x0  packbits_init_single.o [3]
  Initializer bytes  const     0x800'0214   0x24  <for P2-1>
                             - 0x800'0238  0x1f8

"P2", part 1 of 2:                          0x48
  P2-1                        0x2000'0000   0x48  <Init block>
    .data            inited   0x2000'0000    0x4  main.o [1]
    .data            inited   0x2000'0004    0x8  main.o [1]
    .data            inited   0x2000'000c    0xc  main.o [1]
    .data            inited   0x2000'0018    0xc  main.o [1]
    .bss             inited   0x2000'0024    0x4  main.o [1]
    .bss             inited   0x2000'0028    0x8  main.o [1]
    .bss             inited   0x2000'0030    0xc  main.o [1]
    .bss             inited   0x2000'003c    0xc  main.o [1]
                            - 0x2000'0048   0x48

"P2", part 2 of 2:                         0x100
  CSTACK                      0x2000'0048  0x100  <Block>
    CSTACK           uninit   0x2000'0048  0x100  <Block tail>
                            - 0x2000'0148  0x100

Unused ranges:

         From           To      Size
         ----           --      ----
   0x800'0238   0x807'ffff  0x7'fdc8
  0x2000'0148  0x2001'7fff  0x1'7eb8


*******************************************************************************
*** INIT TABLE
***

          Address      Size
          -------      ----
Copy/packbits (__iar_packbits_init_single3)
    1 source range, total size 0x24 (50% of destination):
           0x800'0214  0x24
    1 destination range, total size 0x48:
          0x2000'0000  0x48



*******************************************************************************
*** MODULE SUMMARY
***

    Module                  ro code  ro data  rw data
    ------                  -------  -------  -------
command line/config:
    -------------------------------------------------
    Total:

C:\Users\tameraw\OneDrive\Documents\Education\UW_Embedded_Certificate\01_EMBSYS100B_AU19_Tamer\Demos\Module08_Demo16_Startup_Code_Data_Init_and_default_Vector_Table\Debug\Obj: [1]
    delay.o                      10
    main.o                      260       36       72
    -------------------------------------------------
    Total:                      270       36       72

dl7M_tln.a: [2]
    exit.o                        4
    low_level_init.o              4
    -------------------------------------------------
    Total:                        8

rt7M_tl.a: [3]
    cexit.o                      10
    cmain.o                      30
    cstartup_M.o                 12
    data_init.o                  40
    packbits_init_single.o       56
    vector_table_M.o             66
    -------------------------------------------------
    Total:                      214

shb_l.a: [4]
    exit.o                       20
    -------------------------------------------------
    Total:                       20

    Gaps                          4
    Linker created                        16      256
-----------------------------------------------------
    Grand Total:                516       52      328


*******************************************************************************
*** ENTRY LIST
***

Entry                       Address   Size  Type      Object
-----                       -------   ----  ----      ------
.iar.init_table$$Base    0x800'01b0          --   Gb  - Linker created -
.iar.init_table$$Limit   0x800'01c0          --   Gb  - Linker created -
?main                    0x800'01c1         Code  Gb  cmain.o [3]
CSTACK$$Base            0x2000'0048          --   Gb  - Linker created -
CSTACK$$Limit           0x2000'0148          --   Gb  - Linker created -
Region$$Table$$Base      0x800'01b0          --   Gb  - Linker created -
Region$$Table$$Limit     0x800'01c0          --   Gb  - Linker created -
__cmain                  0x800'01c1         Code  Gb  cmain.o [3]
__exit                   0x800'01f5   0x14  Code  Gb  exit.o [4]
__iar_data_init3         0x800'0189   0x28  Code  Gb  data_init.o [3]
__iar_packbits_init_single3
                         0x800'014f   0x38  Code  Gb  packbits_init_single.o [3]
__iar_program_start      0x800'0209         Code  Gb  cstartup_M.o [3]
__low_level_init         0x800'01df    0x4  Code  Gb  low_level_init.o [2]
__vector_table           0x800'0000         Data  Gb  vector_table_M.o [3]
_call_main               0x800'01cd         Code  Gb  cmain.o [3]
_exit                    0x800'01e9         Code  Gb  cexit.o [3]
_main                    0x800'01db         Code  Gb  cmain.o [3]
delay                    0x800'0145    0xa  Code  Gb  delay.o [1]
exit                     0x800'01e3    0x4  Code  Gb  exit.o [2]
main                     0x800'0041  0x104  Code  Gb  main.o [1]
myArray1                0x2000'0018    0xc  Data  Gb  main.o [1]
myArray2                0x2000'003c    0xc  Data  Gb  main.o [1]
p1                      0x2000'0000    0x4  Data  Gb  main.o [1]
p2                      0x2000'0024    0x4  Data  Gb  main.o [1]
r1                      0x2000'0004    0x8  Data  Gb  main.o [1]
r2                      0x2000'0028    0x8  Data  Gb  main.o [1]
t1                      0x2000'000c    0xc  Data  Gb  main.o [1]
t2                      0x2000'0030    0xc  Data  Gb  main.o [1]


[1] = C:\Users\tameraw\OneDrive\Documents\Education\UW_Embedded_Certificate\01_EMBSYS100B_AU19_Tamer\Demos\Module08_Demo16_Startup_Code_Data_Init_and_default_Vector_Table\Debug\Obj
[2] = dl7M_tln.a
[3] = rt7M_tl.a
[4] = shb_l.a

  516 bytes of readonly  code memory
   52 bytes of readonly  data memory
  328 bytes of readwrite data memory

Errors: none
Warnings: none
