###############################################################################
#
# IAR ELF Linker V8.40.1.212/W32 for ARM                  16/Dec/2019  21:18:16
# Copyright 2007-2019 IAR Systems AB.
#
#    Output file  =  C:\UW_Workspace\embsys100\Wk_10\EWARM\Wk_10\Exe\Wk_10.out
#    Map file     =  C:\UW_Workspace\embsys100\Wk_10\EWARM\Wk_10\List\Wk_10.map
#    Command line =
#        -f C:\Users\Daniel\AppData\Local\Temp\EW3B4B.tmp
#        (C:\UW_Workspace\embsys100\Wk_10\EWARM\Wk_10\Obj\main.o
#        C:\UW_Workspace\embsys100\Wk_10\EWARM\Wk_10\Obj\startup_stm32f401xe.o
#        C:\UW_Workspace\embsys100\Wk_10\EWARM\Wk_10\Obj\stm32f4xx_hal.o
#        C:\UW_Workspace\embsys100\Wk_10\EWARM\Wk_10\Obj\stm32f4xx_hal_cortex.o
#        C:\UW_Workspace\embsys100\Wk_10\EWARM\Wk_10\Obj\stm32f4xx_hal_dma.o
#        C:\UW_Workspace\embsys100\Wk_10\EWARM\Wk_10\Obj\stm32f4xx_hal_dma_ex.o
#        C:\UW_Workspace\embsys100\Wk_10\EWARM\Wk_10\Obj\stm32f4xx_hal_flash.o
#        C:\UW_Workspace\embsys100\Wk_10\EWARM\Wk_10\Obj\stm32f4xx_hal_flash_ex.o
#        C:\UW_Workspace\embsys100\Wk_10\EWARM\Wk_10\Obj\stm32f4xx_hal_flash_ramfunc.o
#        C:\UW_Workspace\embsys100\Wk_10\EWARM\Wk_10\Obj\stm32f4xx_hal_gpio.o
#        C:\UW_Workspace\embsys100\Wk_10\EWARM\Wk_10\Obj\stm32f4xx_hal_msp.o
#        C:\UW_Workspace\embsys100\Wk_10\EWARM\Wk_10\Obj\stm32f4xx_hal_pwr.o
#        C:\UW_Workspace\embsys100\Wk_10\EWARM\Wk_10\Obj\stm32f4xx_hal_pwr_ex.o
#        C:\UW_Workspace\embsys100\Wk_10\EWARM\Wk_10\Obj\stm32f4xx_hal_rcc.o
#        C:\UW_Workspace\embsys100\Wk_10\EWARM\Wk_10\Obj\stm32f4xx_hal_rcc_ex.o
#        C:\UW_Workspace\embsys100\Wk_10\EWARM\Wk_10\Obj\stm32f4xx_hal_tim.o
#        C:\UW_Workspace\embsys100\Wk_10\EWARM\Wk_10\Obj\stm32f4xx_hal_tim_ex.o
#        C:\UW_Workspace\embsys100\Wk_10\EWARM\Wk_10\Obj\stm32f4xx_hal_uart.o
#        C:\UW_Workspace\embsys100\Wk_10\EWARM\Wk_10\Obj\stm32f4xx_it.o
#        C:\UW_Workspace\embsys100\Wk_10\EWARM\Wk_10\Obj\system_stm32f4xx.o
#        --redirect _Printf=_PrintfFull --redirect _Scanf=_ScanfFull
#        --no_out_extension -o
#        C:\UW_Workspace\embsys100\Wk_10\EWARM\Wk_10\Exe\Wk_10.out --map
#        C:\UW_Workspace\embsys100\Wk_10\EWARM\Wk_10\List\Wk_10.map --config
#        C:\UW_Workspace\embsys100\Wk_10\EWARM/stm32f401xe_flash.icf
#        --semihosting --entry __iar_program_start --vfe --text_out locale)
#
###############################################################################

*******************************************************************************
*** RUNTIME MODEL ATTRIBUTES
***

CppFlavor       = *
__SystemLibrary = DLib
__dlib_version  = 6


*******************************************************************************
*** HEAP SELECTION
***

The basic heap was selected because some modules are built with
size limitations (and not runtime checking), and --advanced_heap
was not specified.


*******************************************************************************
*** PLACEMENT SUMMARY
***

"A0":  place at address 0x800'0000 { ro section .intvec };
"P1":  place in [from 0x800'0000 to 0x807'ffff] { ro };
define block CSTACK with size = 1K, alignment = 8 { };
define block HEAP with size = 512, alignment = 8 { };
"P2":  place in [from 0x2000'0000 to 0x2001'7fff] {
          rw, block CSTACK, block HEAP };
initialize by copy { rw };

  Section            Kind         Address    Size  Object
  -------            ----         -------    ----  ------
"A0":                                       0x194
  .intvec            ro code   0x800'0000   0x194  startup_stm32f401xe.o [1]
                             - 0x800'0194   0x194

"P1":                                      0x1ba8
  .text              ro code   0x800'0194   0x3c8  stm32f4xx_hal_tim.o [1]
  .text              ro code   0x800'055c   0x138  stm32f4xx_hal_msp.o [1]
  .text              ro code   0x800'0694   0x172  stm32f4xx_hal_cortex.o [1]
  .text              ro code   0x800'0806    0x3a  zero_init3.o [4]
  .text              ro code   0x800'0840   0x242  stm32f4xx_hal_gpio.o [1]
  .text              ro code   0x800'0a82    0x2e  copy_init3.o [4]
  .text              ro code   0x800'0ab0   0x380  stm32f4xx_hal_rcc.o [1]
  .text              ro code   0x800'0e30     0xc  stm32f4xx_hal.o [1]
  .text              ro code   0x800'0e3c   0x368  stm32f4xx_hal_uart.o [1]
  .text              ro code   0x800'11a4   0x224  stm32f4xx_hal_rcc.o [1]
  .text              ro code   0x800'13c8    0x4c  stm32f4xx_hal.o [1]
  .text              ro code   0x800'1414   0x230  I64DivMod.o [4]
  .text              ro code   0x800'1644     0x2  I64DivZer.o [4]
  .text              ro code   0x800'1648   0x352  main.o [1]
  .text              ro code   0x800'199c    0x34  stm32f4xx_hal.o [1]
  .text              ro code   0x800'19d0    0x28  stm32f4xx_hal.o [1]
  .text              ro code   0x800'19f8    0x5a  stm32f4xx_hal_tim_ex.o [1]
  .text              ro code   0x800'1a54    0x70  stm32f4xx_it.o [1]
  .text              ro code   0x800'1ac4    0x18  stm32f4xx_hal.o [1]
  .text              ro code   0x800'1adc    0x60  system_stm32f4xx.o [1]
  .rodata            const     0x800'1b3c    0x2c  main.o [1]
  .text              ro code   0x800'1b68    0x28  data_init.o [4]
  .text              ro code   0x800'1b90    0x22  fpinit_M.o [3]
  .iar.init_table    const     0x800'1bb4    0x24  - Linker created -
  .text              ro code   0x800'1bd8    0x1e  cmain.o [4]
  .text              ro code   0x800'1bf6     0x4  low_level_init.o [2]
  .text              ro code   0x800'1bfa     0x4  exit.o [2]
  .text              ro code   0x800'1c00     0xa  cexit.o [4]
  .text              ro code   0x800'1c0c    0x14  exit.o [5]
  .rodata            const     0x800'1c20    0x10  system_stm32f4xx.o [1]
  .text              ro code   0x800'1c30    0x10  startup_stm32f401xe.o [1]
  .text              ro code   0x800'1c40     0xc  cstartup_M.o [4]
  Initializer bytes  const     0x800'1c4c     0xc  <for P2-1>
  .rodata            const     0x800'1c58     0x8  system_stm32f4xx.o [1]
  .text              ro code   0x800'1c60     0x4  startup_stm32f401xe.o [1]
  .text              ro code   0x800'1c64     0x4  startup_stm32f401xe.o [1]
  .text              ro code   0x800'1c68     0x4  startup_stm32f401xe.o [1]
  .text              ro code   0x800'1c6c     0x4  startup_stm32f401xe.o [1]
  .text              ro code   0x800'1c70     0x4  startup_stm32f401xe.o [1]
  .text              ro code   0x800'1c74     0x4  startup_stm32f401xe.o [1]
  .text              ro code   0x800'1c78     0x4  startup_stm32f401xe.o [1]
  .text              ro code   0x800'1c7c     0x4  startup_stm32f401xe.o [1]
  .text              ro code   0x800'1c80     0x4  startup_stm32f401xe.o [1]
  .text              ro code   0x800'1c84     0x4  startup_stm32f401xe.o [1]
  .text              ro code   0x800'1c88     0x4  startup_stm32f401xe.o [1]
  .text              ro code   0x800'1c8c     0x4  startup_stm32f401xe.o [1]
  .text              ro code   0x800'1c90     0x4  startup_stm32f401xe.o [1]
  .text              ro code   0x800'1c94     0x4  startup_stm32f401xe.o [1]
  .text              ro code   0x800'1c98     0x4  startup_stm32f401xe.o [1]
  .text              ro code   0x800'1c9c     0x4  startup_stm32f401xe.o [1]
  .text              ro code   0x800'1ca0     0x4  startup_stm32f401xe.o [1]
  .text              ro code   0x800'1ca4     0x4  startup_stm32f401xe.o [1]
  .text              ro code   0x800'1ca8     0x4  startup_stm32f401xe.o [1]
  .text              ro code   0x800'1cac     0x4  startup_stm32f401xe.o [1]
  .text              ro code   0x800'1cb0     0x4  startup_stm32f401xe.o [1]
  .text              ro code   0x800'1cb4     0x4  startup_stm32f401xe.o [1]
  .text              ro code   0x800'1cb8     0x4  startup_stm32f401xe.o [1]
  .text              ro code   0x800'1cbc     0x4  startup_stm32f401xe.o [1]
  .text              ro code   0x800'1cc0     0x4  startup_stm32f401xe.o [1]
  .text              ro code   0x800'1cc4     0x4  startup_stm32f401xe.o [1]
  .text              ro code   0x800'1cc8     0x4  startup_stm32f401xe.o [1]
  .text              ro code   0x800'1ccc     0x4  startup_stm32f401xe.o [1]
  .text              ro code   0x800'1cd0     0x4  startup_stm32f401xe.o [1]
  .text              ro code   0x800'1cd4     0x4  startup_stm32f401xe.o [1]
  .text              ro code   0x800'1cd8     0x4  startup_stm32f401xe.o [1]
  .text              ro code   0x800'1cdc     0x4  startup_stm32f401xe.o [1]
  .text              ro code   0x800'1ce0     0x4  startup_stm32f401xe.o [1]
  .text              ro code   0x800'1ce4     0x4  startup_stm32f401xe.o [1]
  .text              ro code   0x800'1ce8     0x4  startup_stm32f401xe.o [1]
  .text              ro code   0x800'1cec     0x4  startup_stm32f401xe.o [1]
  .text              ro code   0x800'1cf0     0x4  startup_stm32f401xe.o [1]
  .text              ro code   0x800'1cf4     0x4  startup_stm32f401xe.o [1]
  .text              ro code   0x800'1cf8     0x4  startup_stm32f401xe.o [1]
  .text              ro code   0x800'1cfc     0x4  startup_stm32f401xe.o [1]
  .text              ro code   0x800'1d00     0x4  startup_stm32f401xe.o [1]
  .text              ro code   0x800'1d04     0x4  startup_stm32f401xe.o [1]
  .text              ro code   0x800'1d08     0x4  startup_stm32f401xe.o [1]
  .text              ro code   0x800'1d0c     0x4  startup_stm32f401xe.o [1]
  .text              ro code   0x800'1d10     0x4  startup_stm32f401xe.o [1]
  .text              ro code   0x800'1d14     0x4  startup_stm32f401xe.o [1]
  .text              ro code   0x800'1d18     0x4  startup_stm32f401xe.o [1]
  .text              ro code   0x800'1d1c     0x4  startup_stm32f401xe.o [1]
  .text              ro code   0x800'1d20     0x4  startup_stm32f401xe.o [1]
  .text              ro code   0x800'1d24     0x4  startup_stm32f401xe.o [1]
  .text              ro code   0x800'1d28     0x4  startup_stm32f401xe.o [1]
  .text              ro code   0x800'1d2c     0x4  startup_stm32f401xe.o [1]
  .text              ro code   0x800'1d30     0x4  startup_stm32f401xe.o [1]
  .text              ro code   0x800'1d34     0x4  startup_stm32f401xe.o [1]
  .text              ro code   0x800'1d38     0x4  startup_stm32f401xe.o [1]
  .rodata            const     0x800'1d3c     0x0  zero_init3.o [4]
  .rodata            const     0x800'1d3c     0x0  copy_init3.o [4]
                             - 0x800'1d3c  0x1ba8

"P2", part 1 of 3:                            0xc
  P2-1                        0x2000'0000     0x9  <Init block>
    .data            inited   0x2000'0000     0x4  stm32f4xx_hal.o [1]
    .data            inited   0x2000'0004     0x4  system_stm32f4xx.o [1]
    .data            inited   0x2000'0008     0x1  stm32f4xx_hal.o [1]
                            - 0x2000'0009     0x9

"P2", part 2 of 3:                           0x84
  .bss               zero     0x2000'000c    0x40  main.o [1]
  .bss               zero     0x2000'004c    0x3c  main.o [1]
  .bss               zero     0x2000'0088     0x4  stm32f4xx_hal.o [1]
  .bss               zero     0x2000'008c     0x1  main.o [1]
                            - 0x2000'008d    0x81

"P2", part 3 of 3:                          0x400
  CSTACK                      0x2000'0090   0x400  <Block>
    CSTACK           uninit   0x2000'0090   0x400  <Block tail>
                            - 0x2000'0490   0x400

Unused ranges:

         From           To      Size
         ----           --      ----
   0x800'1d3c   0x807'ffff  0x7'e2c4
  0x2000'0490  0x2001'7fff  0x1'7b70


*******************************************************************************
*** INIT TABLE
***

          Address      Size
          -------      ----
Zero (__iar_zero_init3)
    1 destination range, total size 0x81:
          0x2000'000c  0x81

Copy (__iar_copy_init3)
    1 source range, total size 0xc (133% of destination):
           0x800'1c4c   0xc
    1 destination range, total size 0x9:
          0x2000'0000   0x9



*******************************************************************************
*** MODULE SUMMARY
***

    Module                  ro code  ro data  rw data
    ------                  -------  -------  -------
command line/config:
    -------------------------------------------------
    Total:

C:\UW_Workspace\embsys100\Wk_10\EWARM\Wk_10\Obj: [1]
    main.o                      850       44      125
    startup_stm32f401xe.o       640
    stm32f4xx_hal.o             204        5        9
    stm32f4xx_hal_cortex.o      370
    stm32f4xx_hal_gpio.o        578
    stm32f4xx_hal_msp.o         312
    stm32f4xx_hal_rcc.o       1'444
    stm32f4xx_hal_tim.o         968
    stm32f4xx_hal_tim_ex.o       90
    stm32f4xx_hal_uart.o        872
    stm32f4xx_it.o              112
    system_stm32f4xx.o           96       28        4
    -------------------------------------------------
    Total:                    6'536       77      138

dl7M_tlf.a: [2]
    exit.o                        4
    low_level_init.o              4
    -------------------------------------------------
    Total:                        8

m7M_tls.a: [3]
    fpinit_M.o                   34
    -------------------------------------------------
    Total:                       34

rt7M_tl.a: [4]
    I64DivMod.o                 560
    I64DivZer.o                   2
    cexit.o                      10
    cmain.o                      30
    copy_init3.o                 46
    cstartup_M.o                 12
    data_init.o                  40
    zero_init3.o                 58
    -------------------------------------------------
    Total:                      758

shb_l.a: [5]
    exit.o                       20
    -------------------------------------------------
    Total:                       20

    Gaps                         10        2
    Linker created                        39    1'024
-----------------------------------------------------
    Grand Total:              7'366      118    1'162


*******************************************************************************
*** ENTRY LIST
***

Entry                       Address   Size  Type      Object
-----                       -------   ----  ----      ------
.iar.init_table$$Base    0x800'1bb4          --   Gb  - Linker created -
.iar.init_table$$Limit   0x800'1bd8          --   Gb  - Linker created -
?main                    0x800'1bd9         Code  Gb  cmain.o [4]
AHBPrescTable            0x800'1c20   0x10  Data  Gb  system_stm32f4xx.o [1]
APBPrescTable            0x800'1c58    0x8  Data  Gb  system_stm32f4xx.o [1]
BusFault_Handler         0x800'1a5b    0x2  Code  Gb  stm32f4xx_it.o [1]
CSTACK$$Base            0x2000'0090          --   Gb  - Linker created -
CSTACK$$Limit           0x2000'0490          --   Gb  - Linker created -
DebugMon_Handler         0x800'1a61    0x2  Code  Gb  stm32f4xx_it.o [1]
EXTI15_10_IRQHandler     0x800'1a71   0x4e  Code  Gb  stm32f4xx_it.o [1]
HAL_Delay                0x800'19d1   0x28  Code  Wk  stm32f4xx_hal.o [1]
HAL_GPIO_EXTI_IRQHandler
                         0x800'0a31   0x20  Code  Gb  stm32f4xx_hal_gpio.o [1]
HAL_GPIO_Init            0x800'0841  0x1f0  Code  Gb  stm32f4xx_hal_gpio.o [1]
HAL_GetTick              0x800'0e31    0xc  Code  Wk  stm32f4xx_hal.o [1]
HAL_IncTick              0x800'1ac5   0x18  Code  Wk  stm32f4xx_hal.o [1]
HAL_Init                 0x800'199d   0x30  Code  Gb  stm32f4xx_hal.o [1]
HAL_InitTick             0x800'13c9   0x4c  Code  Wk  stm32f4xx_hal.o [1]
HAL_MspInit              0x800'055d   0x8e  Code  Gb  stm32f4xx_hal_msp.o [1]
HAL_NVIC_EnableIRQ       0x800'07a5    0xe  Code  Gb  stm32f4xx_hal_cortex.o [1]
HAL_NVIC_SetPriority     0x800'077b   0x2a  Code  Gb  stm32f4xx_hal_cortex.o [1]
HAL_NVIC_SetPriorityGrouping
                         0x800'076f    0xc  Code  Gb  stm32f4xx_hal_cortex.o [1]
HAL_RCC_ClockConfig      0x800'11a5  0x13e  Code  Gb  stm32f4xx_hal_rcc.o [1]
HAL_RCC_GetHCLKFreq      0x800'12e3    0x6  Code  Gb  stm32f4xx_hal_rcc.o [1]
HAL_RCC_GetPCLK1Freq     0x800'12e9   0x16  Code  Gb  stm32f4xx_hal_rcc.o [1]
HAL_RCC_GetPCLK2Freq     0x800'12ff   0x16  Code  Gb  stm32f4xx_hal_rcc.o [1]
HAL_RCC_OscConfig        0x800'0ab1  0x380  Code  Wk  stm32f4xx_hal_rcc.o [1]
HAL_SYSTICK_CLKSourceConfig
                         0x800'07bf   0x1c  Code  Gb  stm32f4xx_hal_cortex.o [1]
HAL_SYSTICK_Config       0x800'07b3    0xc  Code  Gb  stm32f4xx_hal_cortex.o [1]
HAL_SYSTICK_IRQHandler   0x800'07fd    0x8  Code  Gb  stm32f4xx_hal_cortex.o [1]
HAL_TIMEx_MasterConfigSynchronization
                         0x800'19f9   0x5a  Code  Gb  stm32f4xx_hal_tim_ex.o [1]
HAL_TIM_MspPostInit      0x800'0611   0x2e  Code  Gb  stm32f4xx_hal_msp.o [1]
HAL_TIM_PWM_ConfigChannel
                         0x800'0209  0x100  Code  Gb  stm32f4xx_hal_tim.o [1]
HAL_TIM_PWM_Init         0x800'0195   0x38  Code  Gb  stm32f4xx_hal_tim.o [1]
HAL_TIM_PWM_MspInit      0x800'05eb   0x26  Code  Gb  stm32f4xx_hal_msp.o [1]
HAL_TIM_PWM_Start        0x800'01cd   0x36  Code  Gb  stm32f4xx_hal_tim.o [1]
HAL_UART_Init            0x800'0e3d   0x76  Code  Gb  stm32f4xx_hal_uart.o [1]
HAL_UART_MspInit         0x800'063f   0x46  Code  Gb  stm32f4xx_hal_msp.o [1]
HardFault_Handler        0x800'1a57    0x2  Code  Gb  stm32f4xx_it.o [1]
LED_GPIO                 0x800'18f9   0x14  Code  Gb  main.o [1]
LED_TIM2                 0x800'190d   0x26  Code  Gb  main.o [1]
MX_GPIO_Init             0x800'185f   0x9a  Code  Lc  main.o [1]
MX_TIM2_Init             0x800'17a7   0x7e  Code  Lc  main.o [1]
MX_USART2_UART_Init      0x800'1825   0x3a  Code  Lc  main.o [1]
MemManage_Handler        0x800'1a59    0x2  Code  Gb  stm32f4xx_it.o [1]
NMI_Handler              0x800'1a55    0x2  Code  Gb  stm32f4xx_it.o [1]
NVIC_EnableIRQ           0x800'06bd   0x16  Code  Lc  stm32f4xx_hal_cortex.o [1]
NVIC_EncodePriority      0x800'06ff   0x40  Code  Lc  stm32f4xx_hal_cortex.o [1]
NVIC_GetPriorityGrouping
                         0x800'06b3    0xa  Code  Lc  stm32f4xx_hal_cortex.o [1]
NVIC_SetPriority         0x800'06d3   0x2c  Code  Lc  stm32f4xx_hal_cortex.o [1]
NVIC_SetPriorityGrouping
                         0x800'0695   0x1e  Code  Lc  stm32f4xx_hal_cortex.o [1]
PendSV_Handler           0x800'1a63    0x2  Code  Gb  stm32f4xx_it.o [1]
Region$$Table$$Base      0x800'1bb4          --   Gb  - Linker created -
Region$$Table$$Limit     0x800'1bd8          --   Gb  - Linker created -
SVC_Handler              0x800'1a5f    0x2  Code  Gb  stm32f4xx_it.o [1]
SysTick_Config           0x800'073f   0x30  Code  Lc  stm32f4xx_hal_cortex.o [1]
SysTick_Handler          0x800'1a65    0xc  Code  Gb  stm32f4xx_it.o [1]
SystemClock_Config       0x800'16e7   0xc0  Code  Gb  main.o [1]
SystemCoreClock         0x2000'0004    0x4  Data  Gb  system_stm32f4xx.o [1]
SystemInit               0x800'1add   0x40  Code  Gb  system_stm32f4xx.o [1]
TIM_Base_SetConfig       0x800'0309   0x9c  Code  Gb  stm32f4xx_hal_tim.o [1]
TIM_CCxChannelCmd        0x800'040f   0x1c  Code  Gb  stm32f4xx_hal_tim.o [1]
TIM_OC1_SetConfig        0x800'042d   0x5c  Code  Lc  stm32f4xx_hal_tim.o [1]
TIM_OC2_SetConfig        0x800'03a5   0x6a  Code  Gb  stm32f4xx_hal_tim.o [1]
TIM_OC3_SetConfig        0x800'0489   0x64  Code  Lc  stm32f4xx_hal_tim.o [1]
TIM_OC4_SetConfig        0x800'04ed   0x52  Code  Lc  stm32f4xx_hal_tim.o [1]
UART_SetConfig           0x800'0eb3  0x2e4  Code  Lc  stm32f4xx_hal_uart.o [1]
UsageFault_Handler       0x800'1a5d    0x2  Code  Gb  stm32f4xx_it.o [1]
User_PWM_SetValue        0x800'1933   0x30  Code  Gb  main.o [1]
_Error_Handler           0x800'1999    0x2  Code  Gb  main.o [1]
__aeabi_ldiv0            0x800'1645         Code  Gb  I64DivZer.o [4]
__aeabi_uldivmod         0x800'1415         Code  Gb  I64DivMod.o [4]
__cmain                  0x800'1bd9         Code  Gb  cmain.o [4]
__exit                   0x800'1c0d   0x14  Code  Gb  exit.o [5]
__iar_copy_init3         0x800'0a83   0x2e  Code  Gb  copy_init3.o [4]
__iar_data_init3         0x800'1b69   0x28  Code  Gb  data_init.o [4]
__iar_init_vfp           0x800'1b91         Code  Gb  fpinit_M.o [3]
__iar_program_start      0x800'1c41         Code  Gb  cstartup_M.o [4]
__iar_zero_init3         0x800'0807   0x3a  Code  Gb  zero_init3.o [4]
__low_level_init         0x800'1bf7    0x4  Code  Gb  low_level_init.o [2]
__vector_table           0x800'0000         Data  Gb  startup_stm32f401xe.o [1]
_call_main               0x800'1be5         Code  Gb  cmain.o [4]
_exit                    0x800'1c01         Code  Gb  cexit.o [4]
_main                    0x800'1bf3         Code  Gb  cmain.o [4]
exit                     0x800'1bfb    0x4  Code  Gb  exit.o [2]
htim2                   0x2000'004c   0x3c  Data  Gb  main.o [1]
huart2                  0x2000'000c   0x40  Data  Gb  main.o [1]
main                     0x800'1649   0x9e  Code  Gb  main.o [1]
state                   0x2000'008c    0x1  Data  Gb  main.o [1]
uwTick                  0x2000'0088    0x4  Data  Gb  stm32f4xx_hal.o [1]
uwTickFreq              0x2000'0008    0x1  Data  Gb  stm32f4xx_hal.o [1]
uwTickPrio              0x2000'0000    0x4  Data  Gb  stm32f4xx_hal.o [1]


[1] = C:\UW_Workspace\embsys100\Wk_10\EWARM\Wk_10\Obj
[2] = dl7M_tlf.a
[3] = m7M_tls.a
[4] = rt7M_tl.a
[5] = shb_l.a

  7'366 bytes of readonly  code memory
    118 bytes of readonly  data memory
  1'162 bytes of readwrite data memory

Errors: none
Warnings: none
